// Jest Snapshot v1, https://goo.gl/fbAQLP

exports[`Accordion component renders UI as expected 1`] = `
<ul>
  0
</ul>
`;
